[36mvite v8.0.2 [32mbuilding client environment for production...[36m[39m
[2K
transforming...✓ 1084 modules transformed.
node.exe : [31m✗[39m Build failed in 6.84s
At line:1 char:1
+ & "C:\Users\arvin\AppData\Local\ms-playwright-go\1.50.1\node.exe" ".\ ...
+ ~~~~~~~~~~~~~~~~~~~~~~~~~~~~~~~~~~~~~~~~~~~~~~~~~~~~~~~~~~~~~~~~~~~~~
    + CategoryInfo          : NotSpecified: ([31m✗[39m Build failed in 6.84s:String) [], RemoteException
    + FullyQualifiedErrorId : NativeCommandError
 
[31merror during build:
[31mBuild failed with 1 error:

[plugin vite:css-post]
Error: [lightningcss minify] Cannot find module '../lightningcss.win32-x64-msvc.node'
Require stack:
- C:\Users\arvin\OneDrive\Desktop\my-portfolio\node_modules\lightningcss\node\index.js
    at Function._resolveFilename (node:internal/modules/cjs/loader:1244:15)
    at Function._load (node:internal/modules/cjs/loader:1070:27)
    at TracingChannel.traceSync (node:diagnostics_channel:322:14)
    at wrapModuleLoad (node:internal/modules/cjs/loader:217:24)
    at Module.require (node:internal/modules/cjs/loader:1335:12)
    at require (node:internal/modules/helpers:136:16)
    at Object.<anonymous> (C:\Users\arvin\OneDrive\Desktop\my-portfolio\node_modules\lightningcss\node\index.js:20:12)
    at Module._compile (node:internal/modules/cjs/loader:1562:14)
    at Object..js (node:internal/modules/cjs/loader:1699:10)
    at Module.load (node:internal/modules/cjs/loader:1313:32)[31m
    at aggregateBindingErrorsIntoJsError 
(file:///C:/Users/arvin/OneDrive/Desktop/my-portfolio/node_modules/rolldown/dist/shared/error-D8cGyrC7.mjs:48:18)
    at unwrapBindingResult 
(file:///C:/Users/arvin/OneDrive/Desktop/my-portfolio/node_modules/rolldown/dist/shared/error-D8cGyrC7.mjs:18:128)
    at #build (file:///C:/Users/arvin/OneDrive/Desktop/my-portfolio/node_modules/rolldown/dist/shared/rolldown-build-CL
9PyQ2E.mjs:3313:34)
    at async buildEnvironment 
(file:///C:/Users/arvin/OneDrive/Desktop/my-portfolio/node_modules/vite/dist/node/chunks/node.js:32829:64)
    at async Object.build 
(file:///C:/Users/arvin/OneDrive/Desktop/my-portfolio/node_modules/vite/dist/node/chunks/node.js:33251:19)
    at async Object.buildApp 
(file:///C:/Users/arvin/OneDrive/Desktop/my-portfolio/node_modules/vite/dist/node/chunks/node.js:33248:153)
    at async CAC.<anonymous> 
(file:///C:/Users/arvin/OneDrive/Desktop/my-portfolio/node_modules/vite/dist/node/cli.js:778:3) {
  errors: [Getter/Setter]
}[39m
